2026-08-24T15:20:37.2221200Z local-runner(version:v0.6.1) received task 1 of job 1, be triggered by event: push
2026-08-24T15:20:37.2224589Z workflow prepared
2026-08-24T15:20:37.2225417Z evaluating expression 'success()'
2026-08-24T15:20:37.2226038Z expression 'success()' evaluated to 'true'
2026-08-24T15:20:37.2226136Z 🚀  Start image=docker.gitea.com/runner-images:ubuntu-latest
2026-08-24T15:20:37.2323369Z   🐳  docker pull image=docker.gitea.com/runner-images:ubuntu-latest platform= username= forcePull=false
2026-08-24T15:20:37.2323487Z   🐳  docker pull docker.gitea.com/runner-images:ubuntu-latest
2026-08-24T15:20:37.2559099Z Image exists? true
2026-08-24T15:20:37.2793952Z Cleaning up network for job deploy-api, and network name is: GITEA-ACTIONS-TASK-1-WORKFLOW-Deploy-WebAPI-JOB-deploy-api-9e2fb4ead8aa47622810a84b3dc390c7fc2500e55f694c6014c00076dedc6d5c-deploy-api-network
2026-08-24T15:20:37.3087730Z   🐳  docker create image=docker.gitea.com/runner-images:ubuntu-latest platform= entrypoint=["/bin/sleep" "10800"] cmd=[] network="GITEA-ACTIONS-TASK-1-WORKFLOW-Deploy-WebAPI-JOB-deploy-api-9e2fb4ead8aa47622810a84b3dc390c7fc2500e55f694c6014c00076dedc6d5c-deploy-api-network"
2026-08-24T15:20:37.3965656Z Created container name=GITEA-ACTIONS-TASK-1-WORKFLOW-Deploy-WebAPI-JOB-deploy-api-9e2fb4ead8aa47622810a84b3dc390c7fc2500e55f694c6014c00076dedc6d5c id=5162a0061f0f3f778f5d515180858c940c808fc648a343efc0aadd66560e9acd from image docker.gitea.com/runner-images:ubuntu-latest (platform: )
2026-08-24T15:20:37.3966168Z ENV ==> [RUNNER_TOOL_CACHE=/opt/hostedtoolcache RUNNER_OS=Linux RUNNER_ARCH=X64 RUNNER_TEMP=/tmp LANG=C.UTF-8]
2026-08-24T15:20:37.3966264Z   🐳  docker run image=docker.gitea.com/runner-images:ubuntu-latest platform= entrypoint=["/bin/sleep" "10800"] cmd=[] network="GITEA-ACTIONS-TASK-1-WORKFLOW-Deploy-WebAPI-JOB-deploy-api-9e2fb4ead8aa47622810a84b3dc390c7fc2500e55f694c6014c00076dedc6d5c-deploy-api-network"
2026-08-24T15:20:37.3966353Z Starting container: 5162a0061f0f3f778f5d515180858c940c808fc648a343efc0aadd66560e9acd
2026-08-24T15:20:37.6775090Z Started container: 5162a0061f0f3f778f5d515180858c940c808fc648a343efc0aadd66560e9acd
2026-08-24T15:20:37.7316339Z Writing entry to tarball workflow/event.json len:25435
2026-08-24T15:20:37.7316883Z Writing entry to tarball workflow/envs.txt len:0
2026-08-24T15:20:37.7317157Z Extracting content to '/var/run/act/'
2026-08-24T15:20:37.7505655Z   ☁  git clone 'https://github.com/actions/checkout' # ref=v3
2026-08-24T15:20:37.7505945Z   cloning https://github.com/actions/checkout to /root/.cache/act/656c968832d266db0fe5f8f638000eea9e6a5501569cb9a87c7fdaefedb6a0b6
2026-08-24T15:20:42.4622752Z Cloned https://github.com/actions/checkout to /root/.cache/act/656c968832d266db0fe5f8f638000eea9e6a5501569cb9a87c7fdaefedb6a0b6
2026-08-24T15:20:42.5848499Z Checked out v3
2026-08-24T15:20:42.6121761Z evaluating expression ''
2026-08-24T15:20:42.6122155Z expression '' evaluated to 'true'
2026-08-24T15:20:42.6122307Z ⭐ Run Main Get port number
2026-08-24T15:20:42.6122431Z Writing entry to tarball workflow/outputcmd.txt len:0
2026-08-24T15:20:42.6122564Z Writing entry to tarball workflow/statecmd.txt len:0
2026-08-24T15:20:42.6122652Z Writing entry to tarball workflow/pathcmd.txt len:0
2026-08-24T15:20:42.6122709Z Writing entry to tarball workflow/envs.txt len:0
2026-08-24T15:20:42.6122747Z Writing entry to tarball workflow/SUMMARY.md len:0
2026-08-24T15:20:42.6122805Z Extracting content to '/var/run/act'
2026-08-24T15:20:42.6404782Z expression 'REPO_NAME="${{ github.event.repository.name }}"\n\n# Extrai apenas os números da string usando sed\nNUMBERS=$(echo "$REPO_NAME" | sed 's/[^0-9]//g')\nPORT="50${NUMBERS}"\n\necho "Porta gerada: $PORT"\n\n# CORREÇÃO: Salvando no GITHUB_ENV para que TODOS os próximos steps vejam\necho "NUMBERS=${NUMBERS}" >> $GITHUB_ENV\necho "PORT=${PORT}" >> $GITHUB_ENV\n' rewritten to 'format('REPO_NAME="{0}"\n\n# Extrai apenas os números da string usando sed\nNUMBERS=$(echo "$REPO_NAME" | sed ''s/[^0-9]//g'')\nPORT="50${{NUMBERS}}"\n\necho "Porta gerada: $PORT"\n\n# CORREÇÃO: Salvando no GITHUB_ENV para que TODOS os próximos steps vejam\necho "NUMBERS=${{NUMBERS}}" >> $GITHUB_ENV\necho "PORT=${{PORT}}" >> $GITHUB_ENV\n', github.event.repository.name)'
2026-08-24T15:20:42.6405223Z evaluating expression 'format('REPO_NAME="{0}"\n\n# Extrai apenas os números da string usando sed\nNUMBERS=$(echo "$REPO_NAME" | sed ''s/[^0-9]//g'')\nPORT="50${{NUMBERS}}"\n\necho "Porta gerada: $PORT"\n\n# CORREÇÃO: Salvando no GITHUB_ENV para que TODOS os próximos steps vejam\necho "NUMBERS=${{NUMBERS}}" >> $GITHUB_ENV\necho "PORT=${{PORT}}" >> $GITHUB_ENV\n', github.event.repository.name)'
2026-08-24T15:20:42.6405919Z expression 'format('REPO_NAME="{0}"\n\n# Extrai apenas os números da string usando sed\nNUMBERS=$(echo "$REPO_NAME" | sed ''s/[^0-9]//g'')\nPORT="50${{NUMBERS}}"\n\necho "Porta gerada: $PORT"\n\n# CORREÇÃO: Salvando no GITHUB_ENV para que TODOS os próximos steps vejam\necho "NUMBERS=${{NUMBERS}}" >> $GITHUB_ENV\necho "PORT=${{PORT}}" >> $GITHUB_ENV\n', github.event.repository.name)' evaluated to '%!t(string=REPO_NAME="FamiliarizationAPI"\n\n# Extrai apenas os números da string usando sed\nNUMBERS=$(echo "$REPO_NAME" | sed 's/[^0-9]//g')\nPORT="50${NUMBERS}"\n\necho "Porta gerada: $PORT"\n\n# CORREÇÃO: Salvando no GITHUB_ENV para que TODOS os próximos steps vejam\necho "NUMBERS=${NUMBERS}" >> $GITHUB_ENV\necho "PORT=${PORT}" >> $GITHUB_ENV\n)'
2026-08-24T15:20:42.6406031Z Wrote command \n\nREPO_NAME="FamiliarizationAPI"\n\n# Extrai apenas os números da string usando sed\nNUMBERS=$(echo "$REPO_NAME" | sed 's/[^0-9]//g')\nPORT="50${NUMBERS}"\n\necho "Porta gerada: $PORT"\n\n# CORREÇÃO: Salvando no GITHUB_ENV para que TODOS os próximos steps vejam\necho "NUMBERS=${NUMBERS}" >> $GITHUB_ENV\necho "PORT=${PORT}" >> $GITHUB_ENV\n\n\n to 'workflow/0'
2026-08-24T15:20:42.6406176Z Writing entry to tarball workflow/0 len:334
2026-08-24T15:20:42.6406283Z Extracting content to '/var/run/act'
2026-08-24T15:20:42.6442532Z ::group::Run REPO_NAME="FamiliarizationAPI"
2026-08-24T15:20:42.6442796Z REPO_NAME="FamiliarizationAPI"
2026-08-24T15:20:42.6442851Z 
2026-08-24T15:20:42.6442892Z # Extrai apenas os números da string usando sed
2026-08-24T15:20:42.6442939Z NUMBERS=$(echo "$REPO_NAME" | sed 's/[^0-9]//g')
2026-08-24T15:20:42.6443075Z PORT="50${NUMBERS}"
2026-08-24T15:20:42.6443111Z 
2026-08-24T15:20:42.6443142Z echo "Porta gerada: $PORT"
2026-08-24T15:20:42.6443179Z 
2026-08-24T15:20:42.6443223Z # CORREÇÃO: Salvando no GITHUB_ENV para que TODOS os próximos steps vejam
2026-08-24T15:20:42.6443266Z echo "NUMBERS=${NUMBERS}" >> $GITHUB_ENV
2026-08-24T15:20:42.6443305Z echo "PORT=${PORT}" >> $GITHUB_ENV
2026-08-24T15:20:42.6443356Z shell: bash --noprofile --norc -e -o pipefail {0}
2026-08-24T15:20:42.6443406Z ::endgroup::
2026-08-24T15:20:42.6770883Z Porta gerada: 50
2026-08-24T15:20:42.7238698Z ::group::Run 1. Baixar o código atualizado
2026-08-24T15:20:44.2713219Z (node:28) [DEP0040] DeprecationWarning: The `punycode` module is deprecated. Please use a userland alternative instead.
2026-08-24T15:20:44.2713583Z (Use `node --trace-deprecation ...` to show where the warning was created)
2026-08-24T15:20:44.2719632Z ::add-matcher::/run/act/actions/656c968832d266db0fe5f8f638000eea9e6a5501569cb9a87c7fdaefedb6a0b6/dist/problem-matcher.json
2026-08-24T15:20:44.2721359Z Syncing repository: Deliveries/FamiliarizationAPI
2026-08-24T15:20:44.2724215Z ::group::Getting Git version info
2026-08-24T15:20:44.2724298Z Working directory is '/workspace/Deliveries/FamiliarizationAPI'
2026-08-24T15:20:44.2753666Z [command]/usr/bin/git version
2026-08-24T15:20:44.2820372Z git version 2.54.0
2026-08-24T15:20:44.2829940Z ::endgroup::
2026-08-24T15:20:44.2845043Z Temporarily overriding HOME='/tmp/8dcb7087-2671-41f9-8741-c3f2a64ddfe1' before making global git config changes
2026-08-24T15:20:44.2845326Z Adding repository directory to the temporary git global config as a safe directory
2026-08-24T15:20:44.2848136Z [command]/usr/bin/git config --global --add safe.directory /workspace/Deliveries/FamiliarizationAPI
2026-08-24T15:20:44.2864664Z Deleting the contents of '/workspace/Deliveries/FamiliarizationAPI'
2026-08-24T15:20:44.2868284Z ::group::Initializing the repository
2026-08-24T15:20:44.2869517Z [command]/usr/bin/git init /workspace/Deliveries/FamiliarizationAPI
2026-08-24T15:20:44.2951502Z hint: Using 'master' as the name for the initial branch. This default branch name
2026-08-24T15:20:44.2951983Z hint: will change to "main" in Git 3.0. To configure the initial branch name
2026-08-24T15:20:44.2952045Z hint: to use in all of your new repositories, which will suppress this warning,
2026-08-24T15:20:44.2952095Z hint: call:
2026-08-24T15:20:44.2952135Z hint:
2026-08-24T15:20:44.2952176Z hint: 	git config --global init.defaultBranch <name>
2026-08-24T15:20:44.2952216Z hint:
2026-08-24T15:20:44.2952253Z hint: Names commonly chosen instead of 'master' are 'main', 'trunk' and
2026-08-24T15:20:44.2952300Z hint: 'development'. The just-created branch can be renamed via this command:
2026-08-24T15:20:44.2952342Z hint:
2026-08-24T15:20:44.2952380Z hint: 	git branch -m <name>
2026-08-24T15:20:44.2952416Z hint:
2026-08-24T15:20:44.2952454Z hint: Disable this message with "git config set advice.defaultBranchName false"
2026-08-24T15:20:44.2952540Z Initialized empty Git repository in /workspace/Deliveries/FamiliarizationAPI/.git/
2026-08-24T15:20:44.2955788Z [command]/usr/bin/git remote add origin http://gitea:3000/Deliveries/FamiliarizationAPI
2026-08-24T15:20:44.2972349Z ::endgroup::
2026-08-24T15:20:44.2972469Z ::group::Disabling automatic garbage collection
2026-08-24T15:20:44.2974602Z [command]/usr/bin/git config --local gc.auto 0
2026-08-24T15:20:44.2988252Z ::endgroup::
2026-08-24T15:20:44.2988349Z ::group::Setting up auth
2026-08-24T15:20:44.2993234Z [command]/usr/bin/git config --local --name-only --get-regexp core\.sshCommand
2026-08-24T15:20:44.3007728Z [command]/usr/bin/git submodule foreach --recursive sh -c "git config --local --name-only --get-regexp 'core\.sshCommand' && git config --local --unset-all 'core.sshCommand' || :"
2026-08-24T15:20:44.3224599Z [command]/usr/bin/git config --local --name-only --get-regexp http\.http\:\/\/gitea\:3000\/\.extraheader
2026-08-24T15:20:44.3239445Z [command]/usr/bin/git submodule foreach --recursive sh -c "git config --local --name-only --get-regexp 'http\.http\:\/\/gitea\:3000\/\.extraheader' && git config --local --unset-all 'http.http://gitea:3000/.extraheader' || :"
2026-08-24T15:20:44.3370526Z [command]/usr/bin/git config --local http.http://gitea:3000/.extraheader AUTHORIZATION: basic ***
2026-08-24T15:20:44.3390691Z ::endgroup::
2026-08-24T15:20:44.3390873Z ::group::Fetching the repository
2026-08-24T15:20:44.3394864Z [command]/usr/bin/git -c protocol.version=2 fetch --no-tags --prune --progress --no-recurse-submodules --depth=1 origin +6446257c373fb54bd9eb9f75561413aab5149e0d:refs/remotes/origin/main
2026-08-24T15:20:47.6574428Z fatal: unable to access 'http://gitea:3000/Deliveries/FamiliarizationAPI/': Could not resolve host: gitea
2026-08-24T15:20:47.6577428Z The process '/usr/bin/git' failed with exit code 128
2026-08-24T15:20:47.6577680Z Waiting 17 seconds before trying again
2026-08-24T15:21:04.6631325Z [command]/usr/bin/git -c protocol.version=2 fetch --no-tags --prune --progress --no-recurse-submodules --depth=1 origin +6446257c373fb54bd9eb9f75561413aab5149e0d:refs/remotes/origin/main
2026-08-24T15:21:07.9458590Z fatal: unable to access 'http://gitea:3000/Deliveries/FamiliarizationAPI/': Could not resolve host: gitea
2026-08-24T15:21:07.9466341Z The process '/usr/bin/git' failed with exit code 128
2026-08-24T15:21:07.9466656Z Waiting 14 seconds before trying again
2026-08-24T15:21:21.9523960Z [command]/usr/bin/git -c protocol.version=2 fetch --no-tags --prune --progress --no-recurse-submodules --depth=1 origin +6446257c373fb54bd9eb9f75561413aab5149e0d:refs/remotes/origin/main
2026-08-24T15:21:25.2633263Z fatal: unable to access 'http://gitea:3000/Deliveries/FamiliarizationAPI/': Could not resolve host: gitea
2026-08-24T15:21:25.2644768Z ::remove-matcher owner=checkout-git::
2026-08-24T15:21:25.2646734Z ::error::The process '/usr/bin/git' failed with exit code 128
2026-08-24T15:21:25.2706921Z ::endgroup::
2026-08-24T15:21:25.2707123Z   ❌  Failure - Main 1. Baixar o código atualizado
2026-08-24T15:21:25.2894911Z exitcode '1': failure
2026-08-24T15:21:25.3958189Z evaluating expression 'always()'
2026-08-24T15:21:25.3958621Z expression 'always()' evaluated to 'true'
2026-08-24T15:21:25.3958691Z ⭐ Run Post 1. Baixar o código atualizado
2026-08-24T15:21:25.3958816Z Writing entry to tarball workflow/outputcmd.txt len:0
2026-08-24T15:21:25.3958906Z Writing entry to tarball workflow/statecmd.txt len:0
2026-08-24T15:21:25.3958958Z Writing entry to tarball workflow/pathcmd.txt len:0
2026-08-24T15:21:25.3959115Z Writing entry to tarball workflow/envs.txt len:0
2026-08-24T15:21:25.3959162Z Writing entry to tarball workflow/SUMMARY.md len:0
2026-08-24T15:21:25.3959259Z Extracting content to '/var/run/act'
2026-08-24T15:21:25.3997538Z run post step for '1. Baixar o código atualizado'
2026-08-24T15:21:25.3998186Z executing remote job container: [node /var/run/act/actions/656c968832d266db0fe5f8f638000eea9e6a5501569cb9a87c7fdaefedb6a0b6/dist/index.js]
2026-08-24T15:21:25.3998296Z   🐳  docker exec cmd=[node /var/run/act/actions/656c968832d266db0fe5f8f638000eea9e6a5501569cb9a87c7fdaefedb6a0b6/dist/index.js] user= workdir=
2026-08-24T15:21:25.3998375Z Exec command '[node /var/run/act/actions/656c968832d266db0fe5f8f638000eea9e6a5501569cb9a87c7fdaefedb6a0b6/dist/index.js]'
2026-08-24T15:21:25.3998595Z Working directory '/workspace/Deliveries/FamiliarizationAPI'
2026-08-24T15:21:25.4633256Z (node:119) [DEP0040] DeprecationWarning: The `punycode` module is deprecated. Please use a userland alternative instead.
2026-08-24T15:21:25.4633809Z (Use `node --trace-deprecation ...` to show where the warning was created)
2026-08-24T15:21:25.4647296Z [command]/usr/bin/git version
2026-08-24T15:21:25.4672088Z git version 2.54.0
2026-08-24T15:21:25.4684900Z ***
2026-08-24T15:21:25.4699649Z Temporarily overriding HOME='/tmp/848bbfb6-b923-4cbc-9338-b2e2e406745d' before making global git config changes
2026-08-24T15:21:25.4699992Z Adding repository directory to the temporary git global config as a safe directory
2026-08-24T15:21:25.4701353Z [command]/usr/bin/git config --global --add safe.directory /workspace/Deliveries/FamiliarizationAPI
2026-08-24T15:21:25.4722321Z [command]/usr/bin/git config --local --name-only --get-regexp core\.sshCommand
2026-08-24T15:21:25.4742057Z [command]/usr/bin/git submodule foreach --recursive sh -c "git config --local --name-only --get-regexp 'core\.sshCommand' && git config --local --unset-all 'core.sshCommand' || :"
2026-08-24T15:21:25.4882233Z [command]/usr/bin/git config --local --name-only --get-regexp http\.http\:\/\/gitea\:3000\/\.extraheader
2026-08-24T15:21:25.4894137Z http.http://gitea:3000/.extraheader
2026-08-24T15:21:25.4899876Z [command]/usr/bin/git config --local --unset-all http.http://gitea:3000/.extraheader
2026-08-24T15:21:25.4915372Z [command]/usr/bin/git submodule foreach --recursive sh -c "git config --local --name-only --get-regexp 'http\.http\:\/\/gitea\:3000\/\.extraheader' && git config --local --unset-all 'http.http://gitea:3000/.extraheader' || :"
2026-08-24T15:21:25.5114398Z   ✅  Success - Post 1. Baixar o código atualizado
2026-08-24T15:21:25.5267619Z Cleaning up container for job deploy-api
2026-08-24T15:21:25.7052315Z Removed container: 5162a0061f0f3f778f5d515180858c940c808fc648a343efc0aadd66560e9acd
2026-08-24T15:21:25.7091304Z   🐳  docker volume rm GITEA-ACTIONS-TASK-1-WORKFLOW-Deploy-WebAPI-JOB-deploy-api-9e2fb4ead8aa47622810a84b3dc390c7fc2500e55f694c6014c00076dedc6d5c
2026-08-24T15:21:25.7185979Z   🐳  docker volume rm GITEA-ACTIONS-TASK-1-WORKFLOW-Deploy-WebAPI-JOB-deploy-api-9e2fb4ead8aa47622810a84b3dc390c7fc2500e55f694c6014c00076dedc6d5c-env
2026-08-24T15:21:25.7381712Z Cleaning up network for job deploy-api, and network name is: GITEA-ACTIONS-TASK-1-WORKFLOW-Deploy-WebAPI-JOB-deploy-api-9e2fb4ead8aa47622810a84b3dc390c7fc2500e55f694c6014c00076dedc6d5c-deploy-api-network
2026-08-24T15:21:25.9401009Z 🏁  Job failed
2026-08-24T15:21:25.9486412Z Job 'deploy-api' failed
